hh vs bw: 15/24  (1/90, 2.2 min)
hh vs fm: 14/24  (2/90, 3.8 min)
hh vs rv: 16/24  (3/90, 6.1 min)
hh vs dr: 9/24  (4/90, 8.2 min)
hh vs th: 15/24  (5/90, 10.5 min)
hh vs sm: 11/24  (6/90, 12.3 min)
hh vs py: 15/24  (7/90, 14.1 min)
hh vs du: 13/24  (8/90, 16.1 min)
hh vs se: 19/24  (9/90, 18.0 min)
bw vs hh: 9/24  (10/90, 19.9 min)
bw vs fm: 12/24  (11/90, 21.6 min)
bw vs rv: 13/24  (12/90, 24.0 min)
bw vs dr: 13/24  (13/90, 26.1 min)
bw vs th: 9/24  (14/90, 28.8 min)
bw vs sm: 9/24  (15/90, 30.0 min)
bw vs py: 11/24  (16/90, 31.6 min)
bw vs du: 13/24  (17/90, 33.8 min)
bw vs se: 16/24  (18/90, 35.9 min)
fm vs hh: 17/24  (19/90, 37.2 min)
fm vs bw: 12/24  (20/90, 38.7 min)
fm vs rv: 18/24  (21/90, 40.5 min)
fm vs dr: 16/24  (22/90, 41.8 min)
fm vs th: 14/24  (23/90, 43.9 min)
fm vs sm: 15/24  (24/90, 45.0 min)
fm vs py: 16/24  (25/90, 46.2 min)
fm vs du: 17/24  (26/90, 47.8 min)
fm vs se: 20/24  (27/90, 49.4 min)
rv vs hh: 12/24  (28/90, 51.5 min)
rv vs bw: 14/24  (29/90, 53.6 min)
rv vs fm: 13/24  (30/90, 55.2 min)
rv vs dr: 12/24  (31/90, 57.1 min)
rv vs th: 16/24  (32/90, 59.4 min)
rv vs sm: 11/24  (33/90, 60.6 min)
rv vs py: 12/24  (34/90, 62.4 min)
rv vs du: 12/24  (35/90, 64.4 min)
rv vs se: 12/24  (36/90, 66.4 min)
dr vs hh: 15/24  (37/90, 68.0 min)
dr vs bw: 17/24  (38/90, 69.6 min)
dr vs fm: 11/24  (39/90, 70.5 min)
dr vs rv: 16/24  (40/90, 72.4 min)
dr vs th: 16/24  (41/90, 74.5 min)
dr vs sm: 12/24  (42/90, 75.5 min)
dr vs py: 12/24  (43/90, 77.1 min)
dr vs du: 14/24  (44/90, 79.1 min)
dr vs se: 17/24  (45/90, 81.0 min)
th vs hh: 7/24  (46/90, 83.2 min)
th vs bw: 6/24  (47/90, 85.7 min)
th vs fm: 11/24  (48/90, 87.4 min)
th vs rv: 9/24  (49/90, 89.8 min)
th vs dr: 10/24  (50/90, 91.8 min)
th vs sm: 11/24  (51/90, 93.5 min)
th vs py: 10/24  (52/90, 95.5 min)
th vs du: 12/24  (53/90, 97.9 min)
th vs se: 17/24  (54/90, 100.3 min)
sm vs hh: 17/24  (55/90, 101.3 min)
sm vs bw: 16/24  (56/90, 102.3 min)
sm vs fm: 12/24  (57/90, 102.9 min)
sm vs rv: 13/24  (58/90, 103.9 min)
sm vs dr: 15/24  (59/90, 104.8 min)
sm vs th: 18/24  (60/90, 106.1 min)
sm vs py: 17/24  (61/90, 107.1 min)
sm vs du: 17/24  (62/90, 108.3 min)
sm vs se: 18/24  (63/90, 109.7 min)
py vs hh: 11/24  (64/90, 111.4 min)
py vs bw: 18/24  (65/90, 112.9 min)
py vs fm: 17/24  (66/90, 114.3 min)
py vs rv: 9/24  (67/90, 115.9 min)
py vs dr: 12/24  (68/90, 117.4 min)
py vs th: 16/24  (69/90, 119.2 min)
py vs sm: 9/24  (70/90, 120.1 min)
py vs du: 11/24  (71/90, 121.8 min)
py vs se: 14/24  (72/90, 123.3 min)
du vs hh: 13/24  (73/90, 125.0 min)
du vs bw: 16/24  (74/90, 126.4 min)
du vs fm: 13/24  (75/90, 127.6 min)
du vs rv: 14/24  (76/90, 129.5 min)
du vs dr: 10/24  (77/90, 130.9 min)
du vs th: 17/24  (78/90, 132.8 min)
du vs sm: 4/24  (79/90, 133.6 min)
du vs py: 12/24  (80/90, 135.0 min)
du vs se: 16/24  (81/90, 136.6 min)
se vs hh: 11/24  (82/90, 138.2 min)
se vs bw: 10/24  (83/90, 140.1 min)
se vs fm: 9/24  (84/90, 141.6 min)
se vs rv: 11/24  (85/90, 143.5 min)
se vs dr: 8/24  (86/90, 145.0 min)
se vs th: 14/24  (87/90, 147.3 min)
se vs sm: 9/24  (88/90, 148.3 min)
se vs py: 13/24  (89/90, 149.6 min)
se vs du: 13/24  (90/90, 151.4 min)

=== Winrates globaux ===
sm: 62%
fm: 57.6%
dr: 55.8%
hh: 53.5%
py: 49.8%
rv: 48.8%
du: 48.4%
bw: 45.6%
th: 40.3%
se: 38.2%

Écrit: calibration/matrix10_v4.json
