hh vs bw: 12/24  (1/90, 2.3 min)
hh vs fm: 8/24  (2/90, 4.1 min)
hh vs rv: 16/24  (3/90, 6.2 min)
hh vs dr: 9/24  (4/90, 8.5 min)
hh vs th: 13/24  (5/90, 11.1 min)
hh vs sm: 8/24  (6/90, 12.9 min)
hh vs py: 15/24  (7/90, 14.7 min)
hh vs du: 14/24  (8/90, 16.9 min)
hh vs se: 15/24  (9/90, 19.1 min)
bw vs hh: 11/24  (10/90, 21.3 min)
bw vs fm: 16/24  (11/90, 23.1 min)
bw vs rv: 11/24  (12/90, 25.3 min)
bw vs dr: 11/24  (13/90, 27.5 min)
bw vs th: 15/24  (14/90, 30.2 min)
bw vs sm: 9/24  (15/90, 31.8 min)
bw vs py: 14/24  (16/90, 33.4 min)
bw vs du: 16/24  (17/90, 35.5 min)
bw vs se: 16/24  (18/90, 37.5 min)
fm vs hh: 15/24  (19/90, 38.6 min)
fm vs bw: 11/24  (20/90, 40.0 min)
fm vs rv: 12/24  (21/90, 41.4 min)
fm vs dr: 17/24  (22/90, 42.6 min)
fm vs th: 21/24  (23/90, 44.4 min)
fm vs sm: 20/24  (24/90, 45.4 min)
fm vs py: 13/24  (25/90, 46.6 min)
fm vs du: 18/24  (26/90, 48.2 min)
fm vs se: 18/24  (27/90, 49.9 min)
rv vs hh: 14/24  (28/90, 51.9 min)
rv vs bw: 11/24  (29/90, 54.0 min)
rv vs fm: 11/24  (30/90, 55.7 min)
rv vs dr: 9/24  (31/90, 57.6 min)
rv vs th: 17/24  (32/90, 60.1 min)
rv vs sm: 14/24  (33/90, 61.3 min)
rv vs py: 15/24  (34/90, 62.9 min)
rv vs du: 15/24  (35/90, 65.3 min)
rv vs se: 16/24  (36/90, 67.5 min)
dr vs hh: 13/24  (37/90, 69.2 min)
dr vs bw: 9/24  (38/90, 70.9 min)
dr vs fm: 9/24  (39/90, 71.9 min)
dr vs rv: 14/24  (40/90, 73.5 min)
dr vs th: 16/24  (41/90, 75.5 min)
dr vs sm: 11/24  (42/90, 76.8 min)
dr vs py: 14/24  (43/90, 78.3 min)
dr vs du: 13/24  (44/90, 80.2 min)
dr vs se: 17/24  (45/90, 82.0 min)
th vs hh: 11/24  (46/90, 84.2 min)
th vs bw: 8/24  (47/90, 86.7 min)
th vs fm: 10/24  (48/90, 88.5 min)
th vs rv: 7/24  (49/90, 90.9 min)
th vs dr: 8/24  (50/90, 92.9 min)
th vs sm: 6/24  (51/90, 94.7 min)
th vs py: 13/24  (52/90, 96.8 min)
th vs du: 7/24  (53/90, 99.1 min)
th vs se: 14/24  (54/90, 101.7 min)
sm vs hh: 12/24  (55/90, 102.8 min)
sm vs bw: 13/24  (56/90, 103.9 min)
sm vs fm: 8/24  (57/90, 104.8 min)
sm vs rv: 12/24  (58/90, 105.8 min)
sm vs dr: 12/24  (59/90, 106.6 min)
sm vs th: 18/24  (60/90, 108.2 min)
sm vs py: 14/24  (61/90, 109.2 min)
sm vs du: 16/24  (62/90, 110.5 min)
sm vs se: 20/24  (63/90, 112.1 min)
py vs hh: 7/24  (64/90, 113.5 min)
py vs bw: 10/24  (65/90, 115.2 min)
py vs fm: 19/24  (66/90, 116.5 min)
py vs rv: 9/24  (67/90, 118.0 min)
py vs dr: 7/24  (68/90, 119.5 min)
py vs th: 13/24  (69/90, 121.4 min)
py vs sm: 4/24  (70/90, 122.2 min)
py vs du: 10/24  (71/90, 123.9 min)
py vs se: 15/24  (72/90, 125.4 min)
du vs hh: 10/24  (73/90, 127.1 min)
du vs bw: 10/24  (74/90, 128.7 min)
du vs fm: 11/24  (75/90, 130.1 min)
du vs rv: 12/24  (76/90, 131.8 min)
du vs dr: 11/24  (77/90, 133.4 min)
du vs th: 12/24  (78/90, 135.5 min)
du vs sm: 5/24  (79/90, 136.4 min)
du vs py: 15/24  (80/90, 137.7 min)
du vs se: 14/24  (81/90, 139.7 min)
se vs hh: 13/24  (82/90, 141.6 min)
se vs bw: 4/24  (83/90, 143.8 min)
se vs fm: 9/24  (84/90, 145.4 min)
se vs rv: 11/24  (85/90, 147.4 min)
se vs dr: 9/24  (86/90, 149.2 min)
se vs th: 15/24  (87/90, 152.0 min)
se vs sm: 5/24  (88/90, 153.2 min)
se vs py: 17/24  (89/90, 154.8 min)
se vs du: 10/24  (90/90, 156.6 min)

=== Winrates globaux ===
fm: 60.2%
sm: 60%
bw: 57.2%
dr: 55.3%
rv: 54.2%
hh: 50.9%
du: 45.6%
py: 41.7%
se: 38%
th: 37%

Écrit: C:\Users\Powhell\Documents\Projets\DiceThrone Simulator\calibration\matrix10_v4_pass2.json
