hh vs bw: 11/24  (1/90, 2.5 min)
hh vs fm: 15/24  (2/90, 4.2 min)
hh vs rv: 15/24  (3/90, 6.6 min)
hh vs dr: 16/24  (4/90, 8.7 min)
hh vs th: 19/24  (5/90, 11.2 min)
hh vs sm: 10/24  (6/90, 13.0 min)
hh vs py: 19/24  (7/90, 15.0 min)
hh vs du: 11/24  (8/90, 17.3 min)
hh vs se: 17/24  (9/90, 19.5 min)
bw vs hh: 12/24  (10/90, 21.7 min)
bw vs fm: 14/24  (11/90, 23.1 min)
bw vs rv: 15/24  (12/90, 25.3 min)
bw vs dr: 10/24  (13/90, 27.4 min)
bw vs th: 18/24  (14/90, 30.0 min)
bw vs sm: 11/24  (15/90, 31.3 min)
bw vs py: 13/24  (16/90, 33.1 min)
bw vs du: 13/24  (17/90, 35.2 min)
bw vs se: 15/24  (18/90, 37.5 min)
fm vs hh: 14/24  (19/90, 38.7 min)
fm vs bw: 14/24  (20/90, 40.3 min)
fm vs rv: 12/24  (21/90, 42.0 min)
fm vs dr: 15/24  (22/90, 43.3 min)
fm vs th: 17/24  (23/90, 45.5 min)
fm vs sm: 15/24  (24/90, 46.6 min)
fm vs py: 13/24  (25/90, 47.9 min)
fm vs du: 17/24  (26/90, 49.4 min)
fm vs se: 17/24  (27/90, 51.0 min)
rv vs hh: 9/24  (28/90, 53.0 min)
rv vs bw: 11/24  (29/90, 55.0 min)
rv vs fm: 12/24  (30/90, 56.7 min)
rv vs dr: 15/24  (31/90, 58.8 min)
rv vs th: 13/24  (32/90, 61.6 min)
rv vs sm: 9/24  (33/90, 62.8 min)
rv vs py: 20/24  (34/90, 64.4 min)
rv vs du: 9/24  (35/90, 66.5 min)
rv vs se: 14/24  (36/90, 68.7 min)
dr vs hh: 13/24  (37/90, 70.7 min)
dr vs bw: 13/24  (38/90, 72.5 min)
dr vs fm: 11/24  (39/90, 73.6 min)
dr vs rv: 14/24  (40/90, 75.5 min)
dr vs th: 16/24  (41/90, 77.7 min)
dr vs sm: 13/24  (42/90, 79.0 min)
dr vs py: 16/24  (43/90, 80.7 min)
dr vs du: 13/24  (44/90, 82.8 min)
dr vs se: 20/24  (45/90, 84.8 min)
th vs hh: 9/24  (46/90, 87.2 min)
th vs bw: 11/24  (47/90, 89.9 min)
th vs fm: 16/24  (48/90, 92.1 min)
th vs rv: 10/24  (49/90, 94.9 min)
th vs dr: 9/24  (50/90, 96.9 min)
th vs sm: 8/24  (51/90, 98.7 min)
th vs py: 13/24  (52/90, 100.8 min)
th vs du: 13/24  (53/90, 103.2 min)
th vs se: 16/24  (54/90, 105.8 min)
sm vs hh: 17/24  (55/90, 106.9 min)
sm vs bw: 13/24  (56/90, 108.2 min)
sm vs fm: 11/24  (57/90, 109.1 min)
sm vs rv: 11/24  (58/90, 110.1 min)
sm vs dr: 15/24  (59/90, 111.0 min)
sm vs th: 18/24  (60/90, 112.5 min)
sm vs py: 16/24  (61/90, 113.4 min)
sm vs du: 19/24  (62/90, 114.8 min)
sm vs se: 18/24  (63/90, 116.2 min)
py vs hh: 8/24  (64/90, 118.0 min)
py vs bw: 9/24  (65/90, 119.6 min)
py vs fm: 16/24  (66/90, 120.9 min)
py vs rv: 15/24  (67/90, 122.6 min)
py vs dr: 10/24  (68/90, 123.9 min)
py vs th: 17/24  (69/90, 125.7 min)
py vs sm: 10/24  (70/90, 126.6 min)
py vs du: 13/24  (71/90, 128.4 min)
py vs se: 15/24  (72/90, 130.1 min)
du vs hh: 10/24  (73/90, 131.9 min)
du vs bw: 7/24  (74/90, 133.5 min)
du vs fm: 13/24  (75/90, 134.7 min)
du vs rv: 15/24  (76/90, 136.5 min)
du vs dr: 8/24  (77/90, 138.0 min)
du vs th: 15/24  (78/90, 140.2 min)
du vs sm: 6/24  (79/90, 141.6 min)
du vs py: 16/24  (80/90, 142.8 min)
du vs se: 18/24  (81/90, 144.6 min)
se vs hh: 10/24  (82/90, 146.3 min)
se vs bw: 10/24  (83/90, 148.5 min)
se vs fm: 11/24  (84/90, 150.0 min)
se vs rv: 16/24  (85/90, 152.1 min)
se vs dr: 7/24  (86/90, 153.6 min)
se vs th: 21/24  (87/90, 156.2 min)
se vs sm: 9/24  (88/90, 157.4 min)
se vs py: 12/24  (89/90, 158.7 min)
se vs du: 15/24  (90/90, 160.4 min)

=== Winrates globaux ===
sm: 60.9%
hh: 57.2%
dr: 55.6%
bw: 55.1%
fm: 53.5%
rv: 47.5%
du: 46.5%
py: 44.2%
se: 41%
th: 38.7%

Écrit: C:\Users\Powhell\Documents\Projets\DiceThrone Simulator\calibration\matrix10_v4_pass3.json
