<anonymous_script>:5
 | [round 164/165] 64 games (126s gen, 0.2s train) | buffer 38829 samples | loss 0.1721 | terrorize 9/23 (39%) | upgrades paid/free 219/17 | 30501s total
 ^

SyntaxError: Unexpected token '|'
    at new Function (<anonymous>)
    at file:///C:/Users/Powhell/Documents/Projets/DiceThrone%20Simulator/calibration/matrix10.mjs:13:1
    at ModuleJob.run (node:internal/modules/esm/module_job:430:25)
    at async onImport.tracePromise.__proto__ (node:internal/modules/esm/loader:661:26)
    at async asyncRunEntryPointWithESMLoader (node:internal/modules/run_main:101:5)

Node.js v24.14.1
node:internal/errors:985
  const err = new Error(message);
              ^

Error: Command failed: node "C:\Users\Powhell\Documents\Projets\DiceThrone Simulator\calibration\matrix10.mjs" --games 24 --out "C:\Users\Powhell\Documents\Projets\DiceThrone Simulator\calibration\matrix10_v4.json"
    at genericNodeError (node:internal/errors:985:15)
    at wrappedFn (node:internal/errors:539:14)
    at checkExecSyncError (node:child_process:925:11)
    at execSync (node:child_process:997:15)
    at file:///C:/Users/Powhell/Documents/Projets/DiceThrone%20Simulator/rl-py/deploy_and_matrix.mjs:25:1 {
  status: 1,
  signal: null,
  output: [ null, null, null ],
  pid: 102520,
  stdout: null,
  stderr: null
}

Node.js v24.14.1
