FEATURE_COUNT=168 | sizes=[168, 256, 128, 1] | device=cuda (NVIDIA GeForce RTX 4090)
resuming from C:\Users\Powhell\Documents\Projets\DiceThrone Simulator\rl-py\weights\current.json
  PARITY OK: 16 vectors, worst diff 2.48e-7 <= 0.00001
TensorBoard: rl-py/runs/20260708-131500  (view: rl-py\venv\Scripts\tensorboard --logdir rl-py/runs)
[round 1/165] 64 games (111s gen, 0.3s train) | buffer 30715 samples | loss 0.5842 | terrorize 13/13 (100%) | upgrades paid/free 157/72 | 111s total
[round 2/165] 64 games (113s gen, 0.2s train) | buffer 32445 samples | loss 0.5807 | terrorize 13/22 (59%) | upgrades paid/free 181/29 | 224s total
[round 3/165] 64 games (130s gen, 0.2s train) | buffer 34217 samples | loss 0.5761 | terrorize 7/26 (27%) | upgrades paid/free 233/14 | 355s total
[round 4/165] 64 games (138s gen, 0.2s train) | buffer 35955 samples | loss 0.5674 | terrorize 8/24 (33%) | upgrades paid/free 218/16 | 493s total
[round 5/165] 64 games (151s gen, 0.2s train) | buffer 37727 samples | loss 0.5619 | terrorize 11/14 (79%) | upgrades paid/free 271/12 | 644s total
[round 6/165] 64 games (142s gen, 0.2s train) | buffer 39403 samples | loss 0.5545 | terrorize 8/15 (53%) | upgrades paid/free 260/15 | 786s total
[round 7/165] 64 games (124s gen, 0.2s train) | buffer 40883 samples | loss 0.5428 | terrorize 7/22 (32%) | upgrades paid/free 221/21 | 910s total
[round 8/165] 64 games (123s gen, 0.2s train) | buffer 42319 samples | loss 0.5338 | terrorize 8/17 (47%) | upgrades paid/free 233/15 | 1033s total
[round 9/165] 64 games (133s gen, 0.2s train) | buffer 43871 samples | loss 0.5270 | terrorize 9/18 (50%) | upgrades paid/free 219/13 | 1167s total
[round 10/165] 64 games (147s gen, 0.2s train) | buffer 45537 samples | loss 0.5176 | terrorize 10/15 (67%) | upgrades paid/free 213/13 | 1314s total
[round 11/165] 64 games (125s gen, 0.2s train) | buffer 45769 samples | loss 0.5056 | terrorize 9/20 (45%) | upgrades paid/free 213/19 | 1439s total
[round 12/165] 64 games (90s gen, 0.2s train) | buffer 45969 samples | loss 0.4901 | terrorize 26/51 (51%) | upgrades paid/free 157/15 | 1529s total
[round 13/165] 64 games (116s gen, 0.2s train) | buffer 46324 samples | loss 0.4821 | terrorize 51/105 (49%) | upgrades paid/free 173/23 | 1646s total
[round 14/165] 64 games (121s gen, 0.2s train) | buffer 46646 samples | loss 0.4752 | terrorize 53/92 (58%) | upgrades paid/free 224/72 | 1767s total
[round 15/165] 64 games (122s gen, 0.2s train) | buffer 47112 samples | loss 0.5081 | terrorize 21/29 (72%) | upgrades paid/free 198/77 | 1889s total
  eval vs best: 46.1% (41-48, 7 draws) | vs greedy: 80.9%
[round 16/165] 64 games (117s gen, 0.2s train) | buffer 47550 samples | loss 0.4704 | terrorize 9/26 (35%) | upgrades paid/free 174/40 | 3001s total
[round 17/165] 64 games (134s gen, 0.3s train) | buffer 48070 samples | loss 0.4634 | terrorize 12/24 (50%) | upgrades paid/free 226/18 | 3135s total
[round 18/165] 64 games (135s gen, 0.2s train) | buffer 48440 samples | loss 0.4530 | terrorize 6/19 (32%) | upgrades paid/free 227/14 | 3270s total
[round 19/165] 64 games (143s gen, 0.2s train) | buffer 48838 samples | loss 0.4461 | terrorize 7/18 (39%) | upgrades paid/free 265/15 | 3413s total
[round 20/165] 64 games (134s gen, 0.2s train) | buffer 49276 samples | loss 0.4438 | terrorize 9/13 (69%) | upgrades paid/free 280/16 | 3548s total
[round 21/165] 64 games (124s gen, 0.2s train) | buffer 49622 samples | loss 0.4281 | terrorize 10/20 (50%) | upgrades paid/free 226/16 | 3672s total
[round 22/165] 64 games (125s gen, 0.2s train) | buffer 49916 samples | loss 0.4203 | terrorize 12/16 (75%) | upgrades paid/free 217/14 | 3797s total
[round 23/165] 64 games (130s gen, 0.2s train) | buffer 50310 samples | loss 0.4122 | terrorize 9/13 (69%) | upgrades paid/free 255/11 | 3927s total
[round 24/165] 64 games (134s gen, 0.2s train) | buffer 50716 samples | loss 0.4091 | terrorize 13/19 (68%) | upgrades paid/free 235/15 | 4062s total
[round 25/165] 64 games (124s gen, 0.2s train) | buffer 51024 samples | loss 0.3975 | terrorize 11/13 (85%) | upgrades paid/free 201/15 | 4186s total
[round 26/165] 64 games (101s gen, 0.2s train) | buffer 49504 samples | loss 0.3854 | terrorize 20/21 (95%) | upgrades paid/free 170/15 | 4287s total
[round 27/165] 64 games (114s gen, 0.2s train) | buffer 48142 samples | loss 0.3737 | terrorize 44/67 (66%) | upgrades paid/free 179/14 | 4402s total
[round 28/165] 64 games (119s gen, 0.2s train) | buffer 46796 samples | loss 0.3645 | terrorize 46/100 (46%) | upgrades paid/free 206/66 | 4521s total
[round 29/165] 64 games (128s gen, 0.2s train) | buffer 45474 samples | loss 0.3634 | terrorize 27/42 (64%) | upgrades paid/free 198/83 | 4650s total
[round 30/165] 64 games (124s gen, 0.3s train) | buffer 44050 samples | loss 0.3614 | terrorize 13/19 (68%) | upgrades paid/free 175/51 | 4774s total
  eval vs best: 48.9% (44-46, 6 draws) | vs greedy: 85.1%
[round 31/165] 64 games (127s gen, 0.2s train) | buffer 42820 samples | loss 0.3591 | terrorize 4/23 (17%) | upgrades paid/free 212/11 | 5876s total
[round 32/165] 64 games (136s gen, 0.2s train) | buffer 41798 samples | loss 0.3491 | terrorize 1/23 (4%) | upgrades paid/free 263/13 | 6012s total
[round 33/165] 64 games (133s gen, 0.2s train) | buffer 40774 samples | loss 0.3447 | terrorize 7/29 (24%) | upgrades paid/free 223/17 | 6145s total
[round 34/165] 64 games (152s gen, 0.2s train) | buffer 39626 samples | loss 0.3445 | terrorize 2/23 (9%) | upgrades paid/free 267/17 | 6298s total
[round 35/165] 64 games (125s gen, 0.2s train) | buffer 38328 samples | loss 0.3351 | terrorize 2/20 (10%) | upgrades paid/free 233/15 | 6423s total
[round 36/165] 64 games (121s gen, 0.2s train) | buffer 38474 samples | loss 0.3248 | terrorize 4/22 (18%) | upgrades paid/free 225/14 | 6544s total
[round 37/165] 64 games (125s gen, 0.2s train) | buffer 39098 samples | loss 0.3306 | terrorize 6/17 (35%) | upgrades paid/free 228/15 | 6669s total
[round 38/165] 64 games (125s gen, 0.2s train) | buffer 39549 samples | loss 0.3128 | terrorize 4/26 (15%) | upgrades paid/free 223/19 | 6794s total
[round 39/165] 64 games (126s gen, 0.2s train) | buffer 39520 samples | loss 0.3112 | terrorize 11/33 (33%) | upgrades paid/free 208/13 | 6920s total
[round 40/165] 64 games (99s gen, 0.2s train) | buffer 38789 samples | loss 0.2903 | terrorize 7/11 (64%) | upgrades paid/free 164/12 | 7019s total
[round 41/165] 64 games (99s gen, 0.2s train) | buffer 37970 samples | loss 0.2765 | terrorize 27/75 (36%) | upgrades paid/free 156/15 | 7118s total
[round 42/165] 64 games (119s gen, 0.2s train) | buffer 37575 samples | loss 0.2760 | terrorize 32/100 (32%) | upgrades paid/free 210/43 | 7238s total
[round 43/165] 64 games (138s gen, 0.2s train) | buffer 37469 samples | loss 0.2773 | terrorize 21/78 (27%) | upgrades paid/free 214/79 | 7376s total
[round 44/165] 64 games (113s gen, 0.2s train) | buffer 37461 samples | loss 0.2714 | terrorize 5/19 (26%) | upgrades paid/free 191/71 | 7490s total
[round 45/165] 64 games (117s gen, 0.2s train) | buffer 37505 samples | loss 0.2676 | terrorize 6/15 (40%) | upgrades paid/free 215/17 | 7606s total
  eval vs best: 47.3% (44-49, 3 draws) | vs greedy: 79.2%
[round 46/165] 64 games (142s gen, 0.2s train) | buffer 37875 samples | loss 0.2611 | terrorize 10/23 (43%) | upgrades paid/free 245/19 | 8756s total
[round 47/165] 64 games (140s gen, 0.2s train) | buffer 38287 samples | loss 0.2583 | terrorize 7/24 (29%) | upgrades paid/free 262/18 | 8896s total
[round 48/165] 64 games (135s gen, 0.2s train) | buffer 38485 samples | loss 0.2564 | terrorize 3/16 (19%) | upgrades paid/free 285/12 | 9031s total
[round 49/165] 64 games (140s gen, 0.2s train) | buffer 38499 samples | loss 0.2469 | terrorize 2/11 (18%) | upgrades paid/free 254/13 | 9171s total
[round 50/165] 64 games (130s gen, 0.2s train) | buffer 38582 samples | loss 0.2414 | terrorize 3/20 (15%) | upgrades paid/free 240/16 | 9301s total
[round 51/165] 64 games (127s gen, 0.2s train) | buffer 39109 samples | loss 0.2418 | terrorize 3/18 (17%) | upgrades paid/free 237/17 | 9427s total
[round 52/165] 64 games (136s gen, 0.2s train) | buffer 39631 samples | loss 0.2353 | terrorize 6/25 (24%) | upgrades paid/free 229/12 | 9563s total
[round 53/165] 64 games (153s gen, 0.2s train) | buffer 39844 samples | loss 0.2332 | terrorize 4/26 (15%) | upgrades paid/free 250/14 | 9716s total
[round 54/165] 64 games (118s gen, 0.2s train) | buffer 39337 samples | loss 0.2257 | terrorize 4/22 (18%) | upgrades paid/free 184/21 | 9834s total
[round 55/165] 64 games (92s gen, 0.2s train) | buffer 38536 samples | loss 0.2073 | terrorize 13/61 (21%) | upgrades paid/free 148/20 | 9926s total
[round 56/165] 64 games (122s gen, 0.2s train) | buffer 38054 samples | loss 0.2041 | terrorize 40/106 (38%) | upgrades paid/free 188/33 | 10049s total
[round 57/165] 64 games (127s gen, 0.2s train) | buffer 37874 samples | loss 0.2118 | terrorize 23/94 (24%) | upgrades paid/free 221/72 | 10175s total
[round 58/165] 64 games (115s gen, 0.2s train) | buffer 37862 samples | loss 0.2111 | terrorize 8/13 (62%) | upgrades paid/free 163/76 | 10291s total
[round 59/165] 64 games (118s gen, 0.2s train) | buffer 37838 samples | loss 0.2073 | terrorize 5/35 (14%) | upgrades paid/free 199/33 | 10409s total
[round 60/165] 64 games (146s gen, 0.2s train) | buffer 38008 samples | loss 0.2121 | terrorize 6/24 (25%) | upgrades paid/free 225/20 | 10556s total
  eval vs best: 40.2% (37-55, 4 draws) | vs greedy: 66.7%
[round 61/165] 64 games (134s gen, 0.5s train) | buffer 38244 samples | loss 0.2153 | terrorize 4/23 (17%) | upgrades paid/free 250/14 | 11655s total
[round 62/165] 64 games (145s gen, 0.2s train) | buffer 38572 samples | loss 0.2140 | terrorize 6/17 (35%) | upgrades paid/free 262/12 | 11800s total
[round 63/165] 64 games (132s gen, 0.6s train) | buffer 38594 samples | loss 0.2171 | terrorize 6/14 (43%) | upgrades paid/free 256/19 | 11933s total
[round 64/165] 64 games (130s gen, 0.2s train) | buffer 38669 samples | loss 0.2091 | terrorize 4/15 (27%) | upgrades paid/free 250/16 | 12063s total
[round 65/165] 64 games (125s gen, 0.2s train) | buffer 39162 samples | loss 0.2085 | terrorize 5/27 (19%) | upgrades paid/free 247/13 | 12188s total
[round 66/165] 64 games (143s gen, 0.2s train) | buffer 39723 samples | loss 0.2036 | terrorize 4/21 (19%) | upgrades paid/free 250/12 | 12332s total
[round 67/165] 64 games (158s gen, 0.2s train) | buffer 39968 samples | loss 0.2017 | terrorize 7/22 (32%) | upgrades paid/free 246/14 | 12490s total
[round 68/165] 64 games (123s gen, 0.2s train) | buffer 39716 samples | loss 0.1953 | terrorize 3/33 (9%) | upgrades paid/free 211/19 | 12613s total
[round 69/165] 64 games (99s gen, 0.2s train) | buffer 38864 samples | loss 0.1794 | terrorize 10/52 (19%) | upgrades paid/free 158/18 | 12712s total
[round 70/165] 64 games (105s gen, 0.2s train) | buffer 38238 samples | loss 0.1697 | terrorize 25/102 (25%) | upgrades paid/free 195/16 | 12817s total
[round 71/165] 64 games (130s gen, 0.2s train) | buffer 38033 samples | loss 0.1785 | terrorize 32/100 (32%) | upgrades paid/free 220/72 | 12947s total
[round 72/165] 64 games (129s gen, 0.2s train) | buffer 37993 samples | loss 0.1805 | terrorize 9/45 (20%) | upgrades paid/free 180/76 | 13077s total
[round 73/165] 64 games (115s gen, 0.2s train) | buffer 37971 samples | loss 0.1789 | terrorize 3/17 (18%) | upgrades paid/free 190/47 | 13192s total
[round 74/165] 64 games (121s gen, 0.2s train) | buffer 38103 samples | loss 0.1834 | terrorize 6/22 (27%) | upgrades paid/free 220/14 | 13313s total
[round 75/165] 64 games (132s gen, 0.2s train) | buffer 38423 samples | loss 0.1768 | terrorize 5/17 (29%) | upgrades paid/free 240/14 | 13445s total
  eval vs best: 37.8% (34-56, 6 draws) | vs greedy: 84.8%
[round 76/165] 64 games (138s gen, 0.2s train) | buffer 38777 samples | loss 0.1773 | terrorize 5/24 (21%) | upgrades paid/free 255/14 | 14585s total
[round 77/165] 64 games (140s gen, 0.1s train) | buffer 38905 samples | loss 0.1797 | terrorize 7/24 (29%) | upgrades paid/free 282/16 | 14725s total
[round 78/165] 64 games (130s gen, 0.1s train) | buffer 38731 samples | loss 0.1780 | terrorize 3/25 (12%) | upgrades paid/free 227/13 | 14856s total
[round 79/165] 64 games (141s gen, 0.2s train) | buffer 38954 samples | loss 0.1884 | terrorize 6/17 (35%) | upgrades paid/free 235/13 | 14997s total
[round 80/165] 64 games (127s gen, 0.2s train) | buffer 39601 samples | loss 0.1836 | terrorize 6/17 (35%) | upgrades paid/free 239/15 | 15125s total
[round 81/165] 64 games (143s gen, 0.1s train) | buffer 40049 samples | loss 0.1803 | terrorize 6/18 (33%) | upgrades paid/free 234/11 | 15268s total
[round 82/165] 64 games (145s gen, 0.2s train) | buffer 39893 samples | loss 0.1764 | terrorize 4/23 (17%) | upgrades paid/free 199/22 | 15413s total
[round 83/165] 64 games (101s gen, 0.2s train) | buffer 39168 samples | loss 0.1747 | terrorize 5/22 (23%) | upgrades paid/free 201/14 | 15514s total
[round 84/165] 64 games (96s gen, 0.2s train) | buffer 38372 samples | loss 0.1583 | terrorize 28/72 (39%) | upgrades paid/free 175/14 | 15610s total
[round 85/165] 64 games (125s gen, 0.1s train) | buffer 38127 samples | loss 0.1579 | terrorize 36/110 (33%) | upgrades paid/free 236/58 | 15735s total
[round 86/165] 64 games (116s gen, 0.2s train) | buffer 37999 samples | loss 0.1601 | terrorize 19/60 (32%) | upgrades paid/free 190/81 | 15851s total
[round 87/165] 64 games (111s gen, 0.2s train) | buffer 37869 samples | loss 0.1653 | terrorize 8/28 (29%) | upgrades paid/free 180/52 | 15962s total
[round 88/165] 64 games (132s gen, 0.2s train) | buffer 37989 samples | loss 0.1613 | terrorize 8/20 (40%) | upgrades paid/free 234/13 | 16095s total
[round 89/165] 64 games (139s gen, 0.1s train) | buffer 38241 samples | loss 0.1682 | terrorize 7/23 (30%) | upgrades paid/free 253/16 | 16233s total
[round 90/165] 64 games (155s gen, 0.2s train) | buffer 38553 samples | loss 0.1583 | terrorize 8/18 (44%) | upgrades paid/free 261/15 | 16388s total
  eval vs best: 41.5% (39-55, 2 draws) | vs greedy: 77.1%
[round 91/165] 64 games (143s gen, 0.2s train) | buffer 38767 samples | loss 0.1733 | terrorize 5/23 (22%) | upgrades paid/free 273/13 | 17507s total
[round 92/165] 64 games (178s gen, 0.2s train) | buffer 38731 samples | loss 0.1700 | terrorize 5/10 (50%) | upgrades paid/free 274/12 | 17686s total
[round 93/165] 64 games (131s gen, 0.1s train) | buffer 38823 samples | loss 0.1691 | terrorize 2/13 (15%) | upgrades paid/free 241/13 | 17817s total
[round 94/165] 64 games (136s gen, 0.2s train) | buffer 39361 samples | loss 0.1702 | terrorize 7/21 (33%) | upgrades paid/free 255/15 | 17953s total
[round 95/165] 64 games (142s gen, 0.2s train) | buffer 39871 samples | loss 0.1755 | terrorize 6/25 (24%) | upgrades paid/free 242/17 | 18095s total
[round 96/165] 64 games (143s gen, 0.1s train) | buffer 39900 samples | loss 0.1745 | terrorize 6/17 (35%) | upgrades paid/free 244/12 | 18238s total
[round 97/165] 64 games (111s gen, 0.2s train) | buffer 39288 samples | loss 0.1599 | terrorize 3/24 (12%) | upgrades paid/free 173/12 | 18349s total
[round 98/165] 64 games (85s gen, 0.1s train) | buffer 38487 samples | loss 0.1472 | terrorize 24/75 (32%) | upgrades paid/free 166/15 | 18434s total
[round 99/165] 64 games (115s gen, 0.2s train) | buffer 38072 samples | loss 0.1497 | terrorize 34/113 (30%) | upgrades paid/free 185/33 | 18549s total
[round 100/165] 64 games (125s gen, 0.2s train) | buffer 37910 samples | loss 0.1561 | terrorize 29/88 (33%) | upgrades paid/free 219/73 | 18675s total
[round 101/165] 64 games (115s gen, 0.2s train) | buffer 37768 samples | loss 0.1527 | terrorize 4/16 (25%) | upgrades paid/free 174/72 | 18790s total
[round 102/165] 64 games (115s gen, 0.2s train) | buffer 37868 samples | loss 0.1519 | terrorize 6/23 (26%) | upgrades paid/free 211/21 | 18905s total
[round 103/165] 64 games (136s gen, 0.2s train) | buffer 38064 samples | loss 0.1459 | terrorize 7/20 (35%) | upgrades paid/free 224/15 | 19042s total
[round 104/165] 64 games (143s gen, 0.2s train) | buffer 38390 samples | loss 0.1453 | terrorize 12/21 (57%) | upgrades paid/free 238/16 | 19185s total
[round 105/165] 64 games (144s gen, 0.2s train) | buffer 38616 samples | loss 0.1502 | terrorize 5/17 (29%) | upgrades paid/free 304/12 | 19329s total
  eval vs best: 33.0% (31-63, 2 draws) | vs greedy: 80.9%
[round 106/165] 64 games (126s gen, 0.2s train) | buffer 38550 samples | loss 0.1501 | terrorize 6/18 (33%) | upgrades paid/free 244/13 | 20448s total
[round 107/165] 64 games (122s gen, 0.2s train) | buffer 38614 samples | loss 0.1568 | terrorize 7/16 (44%) | upgrades paid/free 228/20 | 20570s total
[round 108/165] 64 games (126s gen, 0.1s train) | buffer 39061 samples | loss 0.1593 | terrorize 10/25 (40%) | upgrades paid/free 243/16 | 20696s total
[round 109/165] 64 games (137s gen, 0.1s train) | buffer 39691 samples | loss 0.1587 | terrorize 5/27 (19%) | upgrades paid/free 243/13 | 20833s total
[round 110/165] 64 games (144s gen, 0.2s train) | buffer 39901 samples | loss 0.1562 | terrorize 6/19 (32%) | upgrades paid/free 246/12 | 20977s total
[round 111/165] 64 games (123s gen, 0.1s train) | buffer 39589 samples | loss 0.1466 | terrorize 5/23 (22%) | upgrades paid/free 195/14 | 21100s total
[round 112/165] 64 games (92s gen, 0.2s train) | buffer 38784 samples | loss 0.1342 | terrorize 15/52 (29%) | upgrades paid/free 160/15 | 21193s total
[round 113/165] 64 games (104s gen, 0.2s train) | buffer 38179 samples | loss 0.1332 | terrorize 28/103 (27%) | upgrades paid/free 185/17 | 21297s total
[round 114/165] 64 games (121s gen, 0.2s train) | buffer 37947 samples | loss 0.1422 | terrorize 30/107 (28%) | upgrades paid/free 242/64 | 21418s total
[round 115/165] 64 games (106s gen, 0.2s train) | buffer 37777 samples | loss 0.1471 | terrorize 5/33 (15%) | upgrades paid/free 186/77 | 21524s total
[round 116/165] 64 games (113s gen, 0.2s train) | buffer 37823 samples | loss 0.1457 | terrorize 4/31 (13%) | upgrades paid/free 180/40 | 21638s total
[round 117/165] 64 games (121s gen, 0.2s train) | buffer 37865 samples | loss 0.1488 | terrorize 11/17 (65%) | upgrades paid/free 230/14 | 21759s total
[round 118/165] 64 games (139s gen, 0.2s train) | buffer 38235 samples | loss 0.1419 | terrorize 8/20 (40%) | upgrades paid/free 253/13 | 21898s total
[round 119/165] 64 games (143s gen, 0.2s train) | buffer 38519 samples | loss 0.1474 | terrorize 1/23 (4%) | upgrades paid/free 288/19 | 22042s total
[round 120/165] 64 games (140s gen, 0.2s train) | buffer 38601 samples | loss 0.1505 | terrorize 7/20 (35%) | upgrades paid/free 273/19 | 22182s total
  eval vs best: 33.7% (32-63, 1 draws) | vs greedy: 75.6%
[round 121/165] 64 games (125s gen, 0.2s train) | buffer 38505 samples | loss 0.1565 | terrorize 7/18 (39%) | upgrades paid/free 253/17 | 23297s total
[round 122/165] 64 games (121s gen, 0.1s train) | buffer 38863 samples | loss 0.1552 | terrorize 7/20 (35%) | upgrades paid/free 242/12 | 23418s total
[round 123/165] 64 games (123s gen, 0.2s train) | buffer 39502 samples | loss 0.1547 | terrorize 5/18 (28%) | upgrades paid/free 239/12 | 23541s total
[round 124/165] 64 games (137s gen, 0.1s train) | buffer 39843 samples | loss 0.1563 | terrorize 8/20 (40%) | upgrades paid/free 253/15 | 23677s total
[round 125/165] 64 games (118s gen, 0.2s train) | buffer 39648 samples | loss 0.1493 | terrorize 7/27 (26%) | upgrades paid/free 222/17 | 23796s total
[round 126/165] 64 games (99s gen, 0.2s train) | buffer 38888 samples | loss 0.1422 | terrorize 7/31 (23%) | upgrades paid/free 191/13 | 23895s total
[round 127/165] 64 games (98s gen, 0.2s train) | buffer 38126 samples | loss 0.1384 | terrorize 31/92 (34%) | upgrades paid/free 167/13 | 23993s total
[round 128/165] 64 games (119s gen, 0.2s train) | buffer 37961 samples | loss 0.1404 | terrorize 35/108 (32%) | upgrades paid/free 209/61 | 24112s total
[round 129/165] 64 games (116s gen, 0.2s train) | buffer 37897 samples | loss 0.1504 | terrorize 18/41 (44%) | upgrades paid/free 190/84 | 24229s total
[round 130/165] 64 games (118s gen, 0.2s train) | buffer 37863 samples | loss 0.1579 | terrorize 13/21 (62%) | upgrades paid/free 179/54 | 24347s total
[round 131/165] 64 games (125s gen, 0.1s train) | buffer 38003 samples | loss 0.1625 | terrorize 8/14 (57%) | upgrades paid/free 218/13 | 24472s total
[round 132/165] 64 games (169s gen, 0.2s train) | buffer 38301 samples | loss 0.1601 | terrorize 9/23 (39%) | upgrades paid/free 241/14 | 24641s total
[round 133/165] 64 games (152s gen, 0.2s train) | buffer 38689 samples | loss 0.1571 | terrorize 5/31 (16%) | upgrades paid/free 258/18 | 24793s total
[round 134/165] 64 games (142s gen, 0.1s train) | buffer 38825 samples | loss 0.1624 | terrorize 3/25 (12%) | upgrades paid/free 268/18 | 24935s total
[round 135/165] 64 games (123s gen, 0.2s train) | buffer 38670 samples | loss 0.1569 | terrorize 3/22 (14%) | upgrades paid/free 234/13 | 25058s total
  eval vs best: 44.7% (42-52, 2 draws) | vs greedy: 76.6%
[round 136/165] 64 games (120s gen, 0.2s train) | buffer 38838 samples | loss 0.1562 | terrorize 4/12 (33%) | upgrades paid/free 224/13 | 26175s total
[round 137/165] 64 games (127s gen, 0.2s train) | buffer 39431 samples | loss 0.1538 | terrorize 6/17 (35%) | upgrades paid/free 234/17 | 26302s total
[round 138/165] 64 games (135s gen, 0.2s train) | buffer 39942 samples | loss 0.1582 | terrorize 10/24 (42%) | upgrades paid/free 239/15 | 26437s total
[round 139/165] 64 games (125s gen, 0.2s train) | buffer 39894 samples | loss 0.1542 | terrorize 4/27 (15%) | upgrades paid/free 229/17 | 26562s total
[round 140/165] 64 games (107s gen, 0.2s train) | buffer 39321 samples | loss 0.1457 | terrorize 1/20 (5%) | upgrades paid/free 199/13 | 26670s total
[round 141/165] 64 games (97s gen, 0.2s train) | buffer 38496 samples | loss 0.1326 | terrorize 23/76 (30%) | upgrades paid/free 159/13 | 26767s total
[round 142/165] 64 games (112s gen, 0.2s train) | buffer 38247 samples | loss 0.1323 | terrorize 28/125 (22%) | upgrades paid/free 194/42 | 26879s total
[round 143/165] 64 games (110s gen, 0.2s train) | buffer 38039 samples | loss 0.1391 | terrorize 17/74 (23%) | upgrades paid/free 202/72 | 26989s total
[round 144/165] 64 games (106s gen, 0.2s train) | buffer 37973 samples | loss 0.1437 | terrorize 5/18 (28%) | upgrades paid/free 181/64 | 27096s total
[round 145/165] 64 games (112s gen, 0.2s train) | buffer 38005 samples | loss 0.1441 | terrorize 6/19 (32%) | upgrades paid/free 206/16 | 27208s total
[round 146/165] 64 games (122s gen, 0.2s train) | buffer 38173 samples | loss 0.1408 | terrorize 6/28 (21%) | upgrades paid/free 233/16 | 27330s total
[round 147/165] 64 games (140s gen, 0.2s train) | buffer 38449 samples | loss 0.1491 | terrorize 5/30 (17%) | upgrades paid/free 257/16 | 27470s total
[round 148/165] 64 games (141s gen, 0.2s train) | buffer 38687 samples | loss 0.1581 | terrorize 2/16 (12%) | upgrades paid/free 274/11 | 27611s total
[round 149/165] 64 games (124s gen, 0.2s train) | buffer 38615 samples | loss 0.1556 | terrorize 2/20 (10%) | upgrades paid/free 265/9 | 27736s total
[round 150/165] 64 games (116s gen, 0.2s train) | buffer 38630 samples | loss 0.1594 | terrorize 3/14 (21%) | upgrades paid/free 206/14 | 27851s total
  eval vs best: 33.3% (31-62, 3 draws) | vs greedy: 78.7%
[round 151/165] 64 games (125s gen, 0.2s train) | buffer 39238 samples | loss 0.1606 | terrorize 4/21 (19%) | upgrades paid/free 238/18 | 28919s total
[round 152/165] 64 games (131s gen, 0.2s train) | buffer 39786 samples | loss 0.1586 | terrorize 7/20 (35%) | upgrades paid/free 256/17 | 29050s total
[round 153/165] 64 games (142s gen, 0.2s train) | buffer 39970 samples | loss 0.1639 | terrorize 4/20 (20%) | upgrades paid/free 247/13 | 29192s total
[round 154/165] 64 games (112s gen, 0.6s train) | buffer 39492 samples | loss 0.1530 | terrorize 4/25 (16%) | upgrades paid/free 185/15 | 29305s total
[round 155/165] 64 games (86s gen, 0.2s train) | buffer 38674 samples | loss 0.1381 | terrorize 15/58 (26%) | upgrades paid/free 151/21 | 29392s total
[round 156/165] 64 games (105s gen, 0.2s train) | buffer 38169 samples | loss 0.1387 | terrorize 19/118 (16%) | upgrades paid/free 176/29 | 29497s total
[round 157/165] 64 games (118s gen, 0.2s train) | buffer 37911 samples | loss 0.1459 | terrorize 20/93 (22%) | upgrades paid/free 187/68 | 29615s total
[round 158/165] 64 games (126s gen, 0.2s train) | buffer 37869 samples | loss 0.1494 | terrorize 5/21 (24%) | upgrades paid/free 195/76 | 29741s total
[round 159/165] 64 games (117s gen, 0.2s train) | buffer 37909 samples | loss 0.1505 | terrorize 13/26 (50%) | upgrades paid/free 203/28 | 29859s total
[round 160/165] 64 games (116s gen, 0.2s train) | buffer 38059 samples | loss 0.1542 | terrorize 11/22 (50%) | upgrades paid/free 236/14 | 29975s total
[round 161/165] 64 games (134s gen, 0.2s train) | buffer 38439 samples | loss 0.1608 | terrorize 4/25 (16%) | upgrades paid/free 252/12 | 30110s total
[round 162/165] 64 games (136s gen, 0.2s train) | buffer 38763 samples | loss 0.1641 | terrorize 3/17 (18%) | upgrades paid/free 283/13 | 30245s total
[round 163/165] 64 games (129s gen, 0.2s train) | buffer 38777 samples | loss 0.1655 | terrorize 7/18 (39%) | upgrades paid/free 256/16 | 30374s total
[round 164/165] 64 games (126s gen, 0.2s train) | buffer 38829 samples | loss 0.1721 | terrorize 9/23 (39%) | upgrades paid/free 219/17 | 30501s total
[round 165/165] 64 games (127s gen, 0.2s train) | buffer 39254 samples | loss 0.1732 | terrorize 10/27 (37%) | upgrades paid/free 242/12 | 30628s total
  eval vs best: 37.6% (35-58, 3 draws) | vs greedy: 70.8%
done.
